// Jest Snapshot v1, https://goo.gl/fbAQLP

exports[`getPlaceholder snapshot 1`] = `"christmas, New year eve, snow..."`;
