// Jest Snapshot v1, https://goo.gl/fbAQLP

exports[`Logo snapshot 1`] = `
<div
  className="wrapper"
>
  <span
    className="title"
  >
    GiphySearch
  </span>
  <img
    alt=""
    className="logo"
    src="logo.png"
  />
  <span>
    by Sewan
  </span>
</div>
`;
